// Jest Snapshot v1, https://goo.gl/fbAQLP

exports[`renders correctly if empty forecast is passed 1`] = `
<View
  accessibilityComponentType={undefined}
  accessibilityLabel={undefined}
  accessibilityLiveRegion={undefined}
  accessibilityTraits={undefined}
  accessibilityViewIsModal={undefined}
  accessible={undefined}
  collapsable={undefined}
  hitSlop={undefined}
  importantForAccessibility={undefined}
  needsOffscreenAlphaCompositing={undefined}
  onAccessibilityTap={undefined}
  onLayout={undefined}
  onMagicTap={undefined}
  pointerEvents={undefined}
  removeClippedSubviews={undefined}
  renderToHardwareTextureAndroid={undefined}
  shouldRasterizeIOS={undefined}
  style={
    Object {
      "bottom": -133.4,
      "flex": 1,
      "height": "20.00%",
      "left": 0,
      "position": "absolute",
      "width": "100.00%",
    }
  }
  testID={undefined}
>
  <RCTScrollView
    ItemSeparatorComponent={undefined}
    ListFooterComponent={undefined}
    ListHeaderComponent={undefined}
    bounces={false}
    columnWrapperStyle={undefined}
    data={Array []}
    disableVirtualization={false}
    extraData={undefined}
    getItem={[Function]}
    getItemCount={[Function]}
    getItemLayout={undefined}
    horizontal={true}
    initialNumToRender={10}
    initialScrollIndex={undefined}
    keyExtractor={[Function]}
    maxToRenderPerBatch={10}
    numColumns={1}
    onContentSizeChange={[Function]}
    onEndReached={undefined}
    onEndReachedThreshold={2}
    onLayout={[Function]}
    onMomentumScrollEnd={[Function]}
    onRefresh={undefined}
    onScroll={[Function]}
    onScrollBeginDrag={[Function]}
    onScrollEndDrag={[Function]}
    onViewableItemsChanged={undefined}
    overScrollMode={undefined}
    pagingEnabled={true}
    refreshing={undefined}
    removeClippedSubviews={undefined}
    renderItem={[Function]}
    scrollEnabled={undefined}
    scrollEventThrottle={50}
    showsHorizontalScrollIndicator={false}
    showsVerticalScrollIndicator={undefined}
    stickyHeaderIndices={Array []}
    style={
      Array [
        Object {
          "backgroundColor": "rgba(0, 0, 0, 0.2)",
          "height": "100.00%",
        },
        Object {
          "width": "100.00%",
        },
      ]
    }
    updateCellsBatchingPeriod={50}
    viewabilityConfig={undefined}
    viewabilityConfigCallbackPairs={Array []}
    windowSize={21}
  >
    <View />
  </RCTScrollView>
</View>
`;

exports[`renders correctly if populated forecast with past time is passed 1`] = `
<View
  accessibilityComponentType={undefined}
  accessibilityLabel={undefined}
  accessibilityLiveRegion={undefined}
  accessibilityTraits={undefined}
  accessibilityViewIsModal={undefined}
  accessible={undefined}
  collapsable={undefined}
  hitSlop={undefined}
  importantForAccessibility={undefined}
  needsOffscreenAlphaCompositing={undefined}
  onAccessibilityTap={undefined}
  onLayout={undefined}
  onMagicTap={undefined}
  pointerEvents={undefined}
  removeClippedSubviews={undefined}
  renderToHardwareTextureAndroid={undefined}
  shouldRasterizeIOS={undefined}
  style={
    Object {
      "bottom": -133.4,
      "flex": 1,
      "height": "20.00%",
      "left": 0,
      "position": "absolute",
      "width": "100.00%",
    }
  }
  testID={undefined}
>
  <RCTScrollView
    ItemSeparatorComponent={undefined}
    ListFooterComponent={undefined}
    ListHeaderComponent={undefined}
    bounces={false}
    columnWrapperStyle={undefined}
    data={Array []}
    disableVirtualization={false}
    extraData={undefined}
    getItem={[Function]}
    getItemCount={[Function]}
    getItemLayout={undefined}
    horizontal={true}
    initialNumToRender={10}
    initialScrollIndex={undefined}
    keyExtractor={[Function]}
    maxToRenderPerBatch={10}
    numColumns={1}
    onContentSizeChange={[Function]}
    onEndReached={undefined}
    onEndReachedThreshold={2}
    onLayout={[Function]}
    onMomentumScrollEnd={[Function]}
    onRefresh={undefined}
    onScroll={[Function]}
    onScrollBeginDrag={[Function]}
    onScrollEndDrag={[Function]}
    onViewableItemsChanged={undefined}
    overScrollMode={undefined}
    pagingEnabled={true}
    refreshing={undefined}
    removeClippedSubviews={undefined}
    renderItem={[Function]}
    scrollEnabled={undefined}
    scrollEventThrottle={50}
    showsHorizontalScrollIndicator={false}
    showsVerticalScrollIndicator={undefined}
    stickyHeaderIndices={Array []}
    style={
      Array [
        Object {
          "backgroundColor": "rgba(0, 0, 0, 0.2)",
          "height": "100.00%",
        },
        Object {
          "width": "100.00%",
        },
      ]
    }
    updateCellsBatchingPeriod={50}
    viewabilityConfig={undefined}
    viewabilityConfigCallbackPairs={Array []}
    windowSize={21}
  >
    <View />
  </RCTScrollView>
</View>
`;
